unitCircle =
  let t : Circle = Circle { radius = 1 }
  t

unitSquare =
  let t : Square = Square { side = 1 }
  t

aRect =
  let t : Rect = Rect { width = 4, height = 3 }
  t

getRadius =
  let t : U64 = unitCircle.radius
  t

getSide =
  let t : U64 = unitSquare.side
  t

getWidth =
  let t : U64 = aRect.width
  t
